*** Using Compiler 'V5.06 update 5 (build 528)', folder: 'E:\Keil5\ARM\ARMCC\Bin'
Build target 'Target 1'
compiling stm32f10x_exti.c...
.\Library\stm32f10x_tim.h(374): error:  #18: expected a ")"
                                     ((MODE) == TIM_CounterMode_CenterAligned1) || \
.\Library\stm32f10x_tim.h(374): error:  #77-D: this declaration has no storage class or type specifier
                                     ((MODE) == 
IM_CounterMode_CenterAligned1) || \
.\Library\stm32f10x_tim.h(374): error:  #65: expected a ";"
                                     ((MODE) == 
IM_CounterMode_CenterAligned1) || \
.\Library\stm32f10x_tim.h(1058): warning:  #12-D: parsing restarts here after previous syntax error
  void TIM_DeInit(TIM_TypeDef* TIMx);
Library\stm32f10x_exti.c: 1 warning, 3 errors
compiling stm32f10x_bkp.c...
.\Library\stm32f10x_tim.h(374): error:  #18: expected a ")"
                                     ((MODE) == TIM_CounterMode_CenterAligned1) || \
.\Library\stm32f10x_tim.h(374): error:  #77-D: this declaration has no storage class or type specifier
                                     ((MODE) == 
IM_CounterMode_CenterAligned1) || \
.\Library\stm32f10x_tim.h(374): error:  #65: expected a ";"
                                     ((MODE) == 
IM_CounterMode_CenterAligned1) || \
.\Library\stm32f10x_tim.h(1058): warning:  #12-D: parsing restarts here after previous syntax error
  void TIM_DeInit(TIM_TypeDef* TIMx);
Library\stm32f10x_bkp.c: 1 warning, 3 errors
compiling misc.c...
.\Library\stm32f10x_tim.h(374): error:  #18: expected a ")"
                                     ((MODE) == TIM_CounterMode_CenterAligned1) || \
.\Library\stm32f10x_tim.h(374): error:  #77-D: this declaration has no storage class or type specifier
                                     ((MODE) == 
IM_CounterMode_CenterAligned1) || \
.\Library\stm32f10x_tim.h(374): error:  #65: expected a ";"
                                     ((MODE) == 
IM_CounterMode_CenterAligned1) || \
.\Library\stm32f10x_tim.h(1058): warning:  #12-D: parsing restarts here after previous syntax error
  void TIM_DeInit(TIM_TypeDef* TIMx);
Library\misc.c: 1 warning, 3 errors
compiling system_stm32f10x.c...
.\Library\stm32f10x_tim.h(374): error:  #18: expected a ")"
                                     ((MODE) == TIM_CounterMode_CenterAligned1) || \
.\Library\stm32f10x_tim.h(374): error:  #77-D: this declaration has no storage class or type specifier
                                     ((MODE) == 
IM_CounterMode_CenterAligned1) || \
.\Library\stm32f10x_tim.h(374): error:  #65: expected a ";"
                                     ((MODE) == 
IM_CounterMode_CenterAligned1) || \
.\Library\stm32f10x_tim.h(1058): warning:  #12-D: parsing restarts here after previous syntax error
  void TIM_DeInit(TIM_TypeDef* TIMx);
StartupFile\system_stm32f10x.c: 1 warning, 3 errors
compiling stm32f10x_adc.c...
.\Library\stm32f10x_tim.h(374): error:  #18: expected a ")"
                                     ((MODE) == TIM_CounterMode_CenterAligned1) || \
.\Library\stm32f10x_tim.h(374): error:  #77-D: this declaration has no storage class or type specifier
                                     ((MODE) == 
IM_CounterMode_CenterAligned1) || \
.\Library\stm32f10x_tim.h(374): error:  #65: expected a ";"
                                     ((MODE) == 
IM_CounterMode_CenterAligned1) || \
.\Library\stm32f10x_tim.h(1058): warning:  #12-D: parsing restarts here after previous syntax error
  void TIM_DeInit(TIM_TypeDef* TIMx);
Library\stm32f10x_adc.c: 1 warning, 3 errors
compiling stm32f10x_flash.c...
.\Library\stm32f10x_tim.h(374): error:  #18: expected a ")"
                                     ((MODE) == TIM_CounterMode_CenterAligned1) || \
.\Library\stm32f10x_tim.h(374): error:  #77-D: this declaration has no storage class or type specifier
                                     ((MODE) == 
IM_CounterMode_CenterAligned1) || \
.\Library\stm32f10x_tim.h(374): error:  #65: expected a ";"
                                     ((MODE) == 
IM_CounterMode_CenterAligned1) || \
.\Library\stm32f10x_tim.h(1058): warning:  #12-D: parsing restarts here after previous syntax error
  void TIM_DeInit(TIM_TypeDef* TIMx);
Library\stm32f10x_flash.c: 1 warning, 3 errors
compiling stm32f10x_gpio.c...
.\Library\stm32f10x_tim.h(374): error:  #18: expected a ")"
                                     ((MODE) == TIM_CounterMode_CenterAligned1) || \
.\Library\stm32f10x_tim.h(374): error:  #77-D: this declaration has no storage class or type specifier
                                     ((MODE) == 
IM_CounterMode_CenterAligned1) || \
.\Library\stm32f10x_tim.h(374): error:  #65: expected a ";"
                                     ((MODE) == 
IM_CounterMode_CenterAligned1) || \
.\Library\stm32f10x_tim.h(1058): warning:  #12-D: parsing restarts here after previous syntax error
  void TIM_DeInit(TIM_TypeDef* TIMx);
Library\stm32f10x_gpio.c: 1 warning, 3 errors
compiling stm32f10x_dbgmcu.c...
.\Library\stm32f10x_tim.h(374): error:  #18: expected a ")"
                                     ((MODE) == TIM_CounterMode_CenterAligned1) || \
.\Library\stm32f10x_tim.h(374): error:  #77-D: this declaration has no storage class or type specifier
                                     ((MODE) == 
IM_CounterMode_CenterAligned1) || \
.\Library\stm32f10x_tim.h(374): error:  #65: expected a ";"
                                     ((MODE) == 
IM_CounterMode_CenterAligned1) || \
.\Library\stm32f10x_tim.h(1058): warning:  #12-D: parsing restarts here after previous syntax error
  void TIM_DeInit(TIM_TypeDef* TIMx);
Library\stm32f10x_dbgmcu.c: 1 warning, 3 errors
compiling stm32f10x_crc.c...
.\Library\stm32f10x_tim.h(374): error:  #18: expected a ")"
                                     ((MODE) == TIM_CounterMode_CenterAligned1) || \
.\Library\stm32f10x_tim.h(374): error:  #77-D: this declaration has no storage class or type specifier
                                     ((MODE) == 
IM_CounterMode_CenterAligned1) || \
.\Library\stm32f10x_tim.h(374): error:  #65: expected a ";"
                                     ((MODE) == 
IM_CounterMode_CenterAligned1) || \
.\Library\stm32f10x_tim.h(1058): warning:  #12-D: parsing restarts here after previous syntax error
  void TIM_DeInit(TIM_TypeDef* TIMx);
Library\stm32f10x_crc.c: 1 warning, 3 errors
compiling stm32f10x_i2c.c...
.\Library\stm32f10x_tim.h(374): error:  #18: expected a ")"
                                     ((MODE) == TIM_CounterMode_CenterAligned1) || \
.\Library\stm32f10x_tim.h(374): error:  #77-D: this declaration has no storage class or type specifier
                                     ((MODE) == 
IM_CounterMode_CenterAligned1) || \
.\Library\stm32f10x_tim.h(374): error:  #65: expected a ";"
                                     ((MODE) == 
IM_CounterMode_CenterAligned1) || \
.\Library\stm32f10x_tim.h(1058): warning:  #12-D: parsing restarts here after previous syntax error
  void TIM_DeInit(TIM_TypeDef* TIMx);
Library\stm32f10x_i2c.c: 1 warning, 3 errors
compiling stm32f10x_fsmc.c...
.\Library\stm32f10x_tim.h(374): error:  #18: expected a ")"
                                     ((MODE) == TIM_CounterMode_CenterAligned1) || \
.\Library\stm32f10x_tim.h(374): error:  #77-D: this declaration has no storage class or type specifier
                                     ((MODE) == 
IM_CounterMode_CenterAligned1) || \
.\Library\stm32f10x_tim.h(374): error:  #65: expected a ";"
                                     ((MODE) == 
IM_CounterMode_CenterAligned1) || \
.\Library\stm32f10x_tim.h(1058): warning:  #12-D: parsing restarts here after previous syntax error
  void TIM_DeInit(TIM_TypeDef* TIMx);
Library\stm32f10x_fsmc.c: 1 warning, 3 errors
compiling stm32f10x_dac.c...
.\Library\stm32f10x_tim.h(374): error:  #18: expected a ")"
                                     ((MODE) == TIM_CounterMode_CenterAligned1) || \
.\Library\stm32f10x_tim.h(374): error:  #77-D: this declaration has no storage class or type specifier
                                     ((MODE) == 
IM_CounterMode_CenterAligned1) || \
.\Library\stm32f10x_tim.h(374): error:  #65: expected a ";"
                                     ((MODE) == 
IM_CounterMode_CenterAligned1) || \
.\Library\stm32f10x_tim.h(1058): warning:  #12-D: parsing restarts here after previous syntax error
  void TIM_DeInit(TIM_TypeDef* TIMx);
Library\stm32f10x_dac.c: 1 warning, 3 errors
compiling stm32f10x_dma.c...
.\Library\stm32f10x_tim.h(374): error:  #18: expected a ")"
                                     ((MODE) == TIM_CounterMode_CenterAligned1) || \
.\Library\stm32f10x_tim.h(374): error:  #77-D: this declaration has no storage class or type specifier
                                     ((MODE) == 
IM_CounterMode_CenterAligned1) || \
.\Library\stm32f10x_tim.h(374): error:  #65: expected a ";"
                                     ((MODE) == 
IM_CounterMode_CenterAligned1) || \
.\Library\stm32f10x_tim.h(1058): warning:  #12-D: parsing restarts here after previous syntax error
  void TIM_DeInit(TIM_TypeDef* TIMx);
Library\stm32f10x_dma.c: 1 warning, 3 errors
compiling stm32f10x_can.c...
.\Library\stm32f10x_tim.h(374): error:  #18: expected a ")"
                                     ((MODE) == TIM_CounterMode_CenterAligned1) || \
.\Library\stm32f10x_tim.h(374): error:  #77-D: this declaration has no storage class or type specifier
                                     ((MODE) == 
IM_CounterMode_CenterAligned1) || \
.\Library\stm32f10x_tim.h(374): error:  #65: expected a ";"
                                     ((MODE) == 
IM_CounterMode_CenterAligned1) || \
.\Library\stm32f10x_tim.h(1058): warning:  #12-D: parsing restarts here after previous syntax error
  void TIM_DeInit(TIM_TypeDef* TIMx);
Library\stm32f10x_can.c: 1 warning, 3 errors
compiling stm32f10x_cec.c...
.\Library\stm32f10x_tim.h(374): error:  #18: expected a ")"
                                     ((MODE) == TIM_CounterMode_CenterAligned1) || \
.\Library\stm32f10x_tim.h(374): error:  #77-D: this declaration has no storage class or type specifier
                                     ((MODE) == 
IM_CounterMode_CenterAligned1) || \
.\Library\stm32f10x_tim.h(374): error:  #65: expected a ";"
                                     ((MODE) == 
IM_CounterMode_CenterAligned1) || \
.\Library\stm32f10x_tim.h(1058): warning:  #12-D: parsing restarts here after previous syntax error
  void TIM_DeInit(TIM_TypeDef* TIMx);
Library\stm32f10x_cec.c: 1 warning, 3 errors
compiling stm32f10x_iwdg.c...
.\Library\stm32f10x_tim.h(374): error:  #18: expected a ")"
                                     ((MODE) == TIM_CounterMode_CenterAligned1) || \
.\Library\stm32f10x_tim.h(374): error:  #77-D: this declaration has no storage class or type specifier
                                     ((MODE) == 
IM_CounterMode_CenterAligned1) || \
.\Library\stm32f10x_tim.h(374): error:  #65: expected a ";"
                                     ((MODE) == 
IM_CounterMode_CenterAligned1) || \
.\Library\stm32f10x_tim.h(1058): warning:  #12-D: parsing restarts here after previous syntax error
  void TIM_DeInit(TIM_TypeDef* TIMx);
Library\stm32f10x_iwdg.c: 1 warning, 3 errors
compiling stm32f10x_rtc.c...
.\Library\stm32f10x_tim.h(374): error:  #18: expected a ")"
                                     ((MODE) == TIM_CounterMode_CenterAligned1) || \
.\Library\stm32f10x_tim.h(374): error:  #77-D: this declaration has no storage class or type specifier
                                     ((MODE) == 
IM_CounterMode_CenterAligned1) || \
.\Library\stm32f10x_tim.h(374): error:  #65: expected a ";"
                                     ((MODE) == 
IM_CounterMode_CenterAligned1) || \
.\Library\stm32f10x_tim.h(1058): warning:  #12-D: parsing restarts here after previous syntax error
  void TIM_DeInit(TIM_TypeDef* TIMx);
Library\stm32f10x_rtc.c: 1 warning, 3 errors
compiling stm32f10x_pwr.c...
.\Library\stm32f10x_tim.h(374): error:  #18: expected a ")"
                                     ((MODE) == TIM_CounterMode_CenterAligned1) || \
.\Library\stm32f10x_tim.h(374): error:  #77-D: this declaration has no storage class or type specifier
                                     ((MODE) == 
IM_CounterMode_CenterAligned1) || \
.\Library\stm32f10x_tim.h(374): error:  #65: expected a ";"
                                     ((MODE) == 
IM_CounterMode_CenterAligned1) || \
.\Library\stm32f10x_tim.h(1058): warning:  #12-D: parsing restarts here after previous syntax error
  void TIM_DeInit(TIM_TypeDef* TIMx);
Library\stm32f10x_pwr.c: 1 warning, 3 errors
compiling stm32f10x_rcc.c...
.\Library\stm32f10x_tim.h(374): error:  #18: expected a ")"
                                     ((MODE) == TIM_CounterMode_CenterAligned1) || \
.\Library\stm32f10x_tim.h(374): error:  #77-D: this declaration has no storage class or type specifier
                                     ((MODE) == 
IM_CounterMode_CenterAligned1) || \
.\Library\stm32f10x_tim.h(374): error:  #65: expected a ";"
                                     ((MODE) == 
IM_CounterMode_CenterAligned1) || \
.\Library\stm32f10x_tim.h(1058): warning:  #12-D: parsing restarts here after previous syntax error
  void TIM_DeInit(TIM_TypeDef* TIMx);
Library\stm32f10x_rcc.c: 1 warning, 3 errors
compiling stm32f10x_spi.c...
.\Library\stm32f10x_tim.h(374): error:  #18: expected a ")"
                                     ((MODE) == TIM_CounterMode_CenterAligned1) || \
.\Library\stm32f10x_tim.h(374): error:  #77-D: this declaration has no storage class or type specifier
                                     ((MODE) == 
IM_CounterMode_CenterAligned1) || \
.\Library\stm32f10x_tim.h(374): error:  #65: expected a ";"
                                     ((MODE) == 
IM_CounterMode_CenterAligned1) || \
.\Library\stm32f10x_tim.h(1058): warning:  #12-D: parsing restarts here after previous syntax error
  void TIM_DeInit(TIM_TypeDef* TIMx);
Library\stm32f10x_spi.c: 1 warning, 3 errors
compiling stm32f10x_sdio.c...
.\Library\stm32f10x_tim.h(374): error:  #18: expected a ")"
                                     ((MODE) == TIM_CounterMode_CenterAligned1) || \
.\Library\stm32f10x_tim.h(374): error:  #77-D: this declaration has no storage class or type specifier
                                     ((MODE) == 
IM_CounterMode_CenterAligned1) || \
.\Library\stm32f10x_tim.h(374): error:  #65: expected a ";"
                                     ((MODE) == 
IM_CounterMode_CenterAligned1) || \
.\Library\stm32f10x_tim.h(1058): warning:  #12-D: parsing restarts here after previous syntax error
  void TIM_DeInit(TIM_TypeDef* TIMx);
Library\stm32f10x_sdio.c: 1 warning, 3 errors
compiling stm32f10x_usart.c...
.\Library\stm32f10x_tim.h(374): error:  #18: expected a ")"
                                     ((MODE) == TIM_CounterMode_CenterAligned1) || \
.\Library\stm32f10x_tim.h(374): error:  #77-D: this declaration has no storage class or type specifier
                                     ((MODE) == 
IM_CounterMode_CenterAligned1) || \
.\Library\stm32f10x_tim.h(374): error:  #65: expected a ";"
                                     ((MODE) == 
IM_CounterMode_CenterAligned1) || \
.\Library\stm32f10x_tim.h(1058): warning:  #12-D: parsing restarts here after previous syntax error
  void TIM_DeInit(TIM_TypeDef* TIMx);
Library\stm32f10x_usart.c: 1 warning, 3 errors
compiling stm32f10x_tim.c...
Library\stm32f10x_tim.h(374): error:  #18: expected a ")"
                                     ((MODE) == TIM_CounterMode_CenterAligned1) || \
Library\stm32f10x_tim.h(374): error:  #77-D: this declaration has no storage class or type specifier
                                     ((MODE) == 
IM_CounterMode_CenterAligned1) || \
Library\stm32f10x_tim.h(374): error:  #65: expected a ";"
                                     ((MODE) == 
IM_CounterMode_CenterAligned1) || \
Library\stm32f10x_tim.h(1058): warning:  #12-D: parsing restarts here after previous syntax error
  void TIM_DeInit(TIM_TypeDef* TIMx);
Library\stm32f10x_tim.c: 1 warning, 3 errors
compiling stm32f10x_wwdg.c...
.\Library\stm32f10x_tim.h(374): error:  #18: expected a ")"
                                     ((MODE) == TIM_CounterMode_CenterAligned1) || \
.\Library\stm32f10x_tim.h(374): error:  #77-D: this declaration has no storage class or type specifier
                                     ((MODE) == 
IM_CounterMode_CenterAligned1) || \
.\Library\stm32f10x_tim.h(374): error:  #65: expected a ";"
                                     ((MODE) == 
IM_CounterMode_CenterAligned1) || \
.\Library\stm32f10x_tim.h(1058): warning:  #12-D: parsing restarts here after previous syntax error
  void TIM_DeInit(TIM_TypeDef* TIMx);
Library\stm32f10x_wwdg.c: 1 warning, 3 errors
compiling Delay.c...
.\Library\stm32f10x_tim.h(374): error:  #18: expected a ")"
                                     ((MODE) == TIM_CounterMode_CenterAligned1) || \
.\Library\stm32f10x_tim.h(374): error:  #77-D: this declaration has no storage class or type specifier
                                     ((MODE) == 
IM_CounterMode_CenterAligned1) || \
.\Library\stm32f10x_tim.h(374): error:  #65: expected a ";"
                                     ((MODE) == 
IM_CounterMode_CenterAligned1) || \
.\Library\stm32f10x_tim.h(1058): warning:  #12-D: parsing restarts here after previous syntax error
  void TIM_DeInit(TIM_TypeDef* TIMx);
System\Delay.c: 1 warning, 3 errors
compiling PWM.c...
.\Library\stm32f10x_tim.h(374): error:  #18: expected a ")"
                                     ((MODE) == TIM_CounterMode_CenterAligned1) || \
.\Library\stm32f10x_tim.h(374): error:  #77-D: this declaration has no storage class or type specifier
                                     ((MODE) == 
IM_CounterMode_CenterAligned1) || \
.\Library\stm32f10x_tim.h(374): error:  #65: expected a ";"
                                     ((MODE) == 
IM_CounterMode_CenterAligned1) || \
.\Library\stm32f10x_tim.h(1058): warning:  #12-D: parsing restarts here after previous syntax error
  void TIM_DeInit(TIM_TypeDef* TIMx);
System\PWM.c(58): error:  #20: identifier "TIM6_IRQn" is undefined
      NVIC_InitStucture.NVIC_IRQChannel = TIM6_IRQn;
System\PWM.c: 1 warning, 4 errors
compiling Key.c...
.\Library\stm32f10x_tim.h(374): error:  #18: expected a ")"
                                     ((MODE) == TIM_CounterMode_CenterAligned1) || \
.\Library\stm32f10x_tim.h(374): error:  #77-D: this declaration has no storage class or type specifier
                                     ((MODE) == 
IM_CounterMode_CenterAligned1) || \
.\Library\stm32f10x_tim.h(374): error:  #65: expected a ";"
                                     ((MODE) == 
IM_CounterMode_CenterAligned1) || \
.\Library\stm32f10x_tim.h(1058): warning:  #12-D: parsing restarts here after previous syntax error
  void TIM_DeInit(TIM_TypeDef* TIMx);
Hardware\Key.c: 1 warning, 3 errors
compiling LED.c...
.\Library\stm32f10x_tim.h(374): error:  #18: expected a ")"
                                     ((MODE) == TIM_CounterMode_CenterAligned1) || \
.\Library\stm32f10x_tim.h(374): error:  #77-D: this declaration has no storage class or type specifier
                                     ((MODE) == 
IM_CounterMode_CenterAligned1) || \
.\Library\stm32f10x_tim.h(374): error:  #65: expected a ";"
                                     ((MODE) == 
IM_CounterMode_CenterAligned1) || \
.\Library\stm32f10x_tim.h(1058): warning:  #12-D: parsing restarts here after previous syntax error
  void TIM_DeInit(TIM_TypeDef* TIMx);
Hardware\LED.c: 1 warning, 3 errors
compiling OLED.c...
.\Library\stm32f10x_tim.h(374): error:  #18: expected a ")"
                                     ((MODE) == TIM_CounterMode_CenterAligned1) || \
.\Library\stm32f10x_tim.h(374): error:  #77-D: this declaration has no storage class or type specifier
                                     ((MODE) == 
IM_CounterMode_CenterAligned1) || \
.\Library\stm32f10x_tim.h(374): error:  #65: expected a ";"
                                     ((MODE) == 
IM_CounterMode_CenterAligned1) || \
.\Library\stm32f10x_tim.h(1058): warning:  #12-D: parsing restarts here after previous syntax error
  void TIM_DeInit(TIM_TypeDef* TIMx);
Hardware\OLED.c: 1 warning, 3 errors
compiling CountSensor.c...
.\Library\stm32f10x_tim.h(374): error:  #18: expected a ")"
                                     ((MODE) == TIM_CounterMode_CenterAligned1) || \
.\Library\stm32f10x_tim.h(374): error:  #77-D: this declaration has no storage class or type specifier
                                     ((MODE) == 
IM_CounterMode_CenterAligned1) || \
.\Library\stm32f10x_tim.h(374): error:  #65: expected a ";"
                                     ((MODE) == 
IM_CounterMode_CenterAligned1) || \
.\Library\stm32f10x_tim.h(1058): warning:  #12-D: parsing restarts here after previous syntax error
  void TIM_DeInit(TIM_TypeDef* TIMx);
HardWare\CountSensor.c: 1 warning, 3 errors
compiling main.c...
.\Library\stm32f10x_tim.h(374): error:  #18: expected a ")"
                                     ((MODE) == TIM_CounterMode_CenterAligned1) || \
.\Library\stm32f10x_tim.h(374): error:  #77-D: this declaration has no storage class or type specifier
                                     ((MODE) == 
IM_CounterMode_CenterAligned1) || \
.\Library\stm32f10x_tim.h(374): error:  #65: expected a ";"
                                     ((MODE) == 
IM_CounterMode_CenterAligned1) || \
.\Library\stm32f10x_tim.h(1058): warning:  #12-D: parsing restarts here after previous syntax error
  void TIM_DeInit(TIM_TypeDef* TIMx);
Public\main.c: 1 warning, 3 errors
compiling stm32f10x_it.c...
.\Library\stm32f10x_tim.h(374): error:  #18: expected a ")"
                                     ((MODE) == TIM_CounterMode_CenterAligned1) || \
.\Library\stm32f10x_tim.h(374): error:  #77-D: this declaration has no storage class or type specifier
                                     ((MODE) == 
IM_CounterMode_CenterAligned1) || \
.\Library\stm32f10x_tim.h(374): error:  #65: expected a ";"
                                     ((MODE) == 
IM_CounterMode_CenterAligned1) || \
.\Library\stm32f10x_tim.h(1058): warning:  #12-D: parsing restarts here after previous syntax error
  void TIM_DeInit(TIM_TypeDef* TIMx);
Public\stm32f10x_it.c: 1 warning, 3 errors
".\Objects\project.axf" - 97 Error(s), 32 Warning(s).
Target not created.
Build Time Elapsed:  00:00:03
